node : C:\LabelLensA
I\backend\node_modul
es\openai\client.js:
94
At line:1 char:1
+ node 
testSafety.js > 
test_output.txt 2>&1
+ ~~~~~~~~~~~~~~~~~~
~~~~~~~~~~~~~~~~~~~~
~~~
    + CategoryInfo  
            : NotS  
  pecified: (C:\L   
 abelLensAI\...a    
i\client.js:94:    
String) [], Rem    
oteException
    + FullyQualifie 
   dErrorId : Nati  
  veCommandError
 
            throw 
new Errors.OpenAIErr
or('Missing 
credentials. Please 
pass an `apiKey`, 
or set the 
`OPENAI_API_KEY` 
environment 
variable.');
            ^

OpenAIError: 
Missing 
credentials. Please 
pass an `apiKey`, 
or set the 
`OPENAI_API_KEY` 
environment 
variable.
    at new OpenAI (C
:\LabelLensAI\backen
d\node_modules\opena
i\client.js:94:19)
    at new 
module.exports (C:\L
abelLensAI\backend\n
ode_modules\openai\i
ndex.js:4:10)
    at 
Object.<anonymous> (
C:\LabelLensAI\backe
nd\controllers\safet
yController.js:6:16)
    at 
Module._compile (nod
e:internal/modules/c
js/loader:1761:14)
    at Object..js (n
ode:internal/modules
/cjs/loader:1893:10)
    at Module.load (
node:internal/module
s/cjs/loader:1481:32
)
    at Module._load 
(node:internal/modul
es/cjs/loader:1300:1
2)
    at TracingChanne
l.traceSync (node:di
agnostics_channel:32
8:14)
    at 
wrapModuleLoad (node
:internal/modules/cj
s/loader:245:24)
    at 
Module.require (node
:internal/modules/cj
s/loader:1504:12)

Node.js v24.12.0
